\BOOKMARK [1][-]{section.1}{\376\377\000W\000p\000r\000o\000w\000a\000d\000z\000e\000n\000i\000e}{}% 1
\BOOKMARK [1][-]{section.2}{\376\377\000E\000n\000t\000r\000o\000p\000i\000a}{}% 2
\BOOKMARK [1][-]{section.3}{\376\377\000T\000y\000p\000y\000\040\000i\000m\000p\000u\000l\000s\000\363\000w\000\040\000w\000z\000b\000u\000d\000z\000a\000j\001\005\000c\000y\000c\000h\000\040\000a\000t\000o\000m}{}% 3
\BOOKMARK [2][-]{subsection.3.1}{\376\377\000I\000m\000p\000u\000l\000s\000\040\000p\000r\000o\000s\000t\000o\000k\001\005\000t\000n\000y}{section.3}% 4
\BOOKMARK [2][-]{subsection.3.2}{\376\377\000I\000m\000p\000u\000l\000s\000\040\000r\000o\000s\000n\001\005\000c\000y\000\040\000w\000y\000k\001\102\000a\000d\000n\000i\000c\000z\000y}{section.3}% 5
\BOOKMARK [2][-]{subsection.3.3}{\376\377\000I\000m\000p\000u\000l\000s\000\040\000m\000a\000l\000e\000j\001\005\000c\000y\000\040\000w\000y\000k\001\102\000a\000d\000n\000i\000c\000z\000y}{section.3}% 6
\BOOKMARK [2][-]{subsection.3.4}{\376\377\000I\000m\000p\000u\000l\000s\000\040\000g\000a\000u\000s\000s\000o\000w\000s\000k\000i}{section.3}% 7
\BOOKMARK [1][-]{section.4}{\376\377\000P\000r\000a\000w\000d\000o\000p\000o\000d\000o\000b\000i\000e\001\104\000s\000t\000w\000o\000\040\000w\000z\000b\000u\000d\000z\000e\000n\000i\000a\000\040\000a\000t\000o\000m\000u\000\040\000d\000l\000a\000\040\000r\000\363\001\174\000n\000y\000c\000h\000\040\000t\000y\000p\000\363\000w\000\040\000i\000m\000p\000u\000l\000s\000\363\000w}{}% 8
\BOOKMARK [2][-]{subsection.4.1}{\376\377\000P\000r\000a\000w\000d\000o\000p\000o\000d\000o\000b\000i\000e\001\104\000s\000t\000w\000o\000\040\000d\000l\000a\000\040\000i\000m\000p\000u\000l\000s\000u\000\040\000p\000r\000o\000s\000t\000o\000k\001\005\000t\000n\000e\000g\000o}{section.4}% 9
\BOOKMARK [2][-]{subsection.4.2}{\376\377\000P\000r\000a\000w\000d\000o\000p\000o\000d\000o\000b\000i\000e\001\104\000s\000t\000w\000o\000\040\000d\000l\000a\000\040\000i\000m\000p\000u\000l\000s\000u\000\040\000r\000o\000s\000n\001\005\000c\000e\000g\000o\000\040\000w\000y\000k\001\102\000a\000d\000n\000i\000c\000z\000e\000g\000o}{section.4}% 10
\BOOKMARK [2][-]{subsection.4.3}{\376\377\000P\000r\000a\000w\000d\000o\000p\000o\000d\000o\000b\000i\000e\001\104\000s\000t\000w\000o\000\040\000d\000l\000a\000\040\000i\000m\000p\000u\000l\000s\000u\000\040\000m\000a\000l\000e\000j\001\005\000c\000e\000g\000o\000\040\000w\000y\000k\001\102\000a\000d\000n\000i\000c\000z\000e\000g\000o}{section.4}% 11
\BOOKMARK [2][-]{subsection.4.4}{\376\377\000P\000r\000a\000w\000d\000o\000p\000o\000d\000o\000b\000i\000e\001\104\000s\000t\000w\000o\000\040\000d\000l\000a\000\040\000i\000m\000p\000u\000l\000s\000u\000\040\000g\000a\000u\000s\000s\000o\000w\000s\000k\000i\000e\000g\000o}{section.4}% 12
\BOOKMARK [1][-]{section.5}{\376\377\000M\000a\000k\000s\000y\000m\000a\000l\000n\000e\000\040\000p\000r\000a\000w\000d\000o\000p\000o\000d\000o\000b\000i\000e\001\104\000s\000t\000w\000a\000\040\000w\000z\000b\000u\000d\000z\000e\000n\000i\000a\000\040\000a\000t\000o\000m\000u\000\040\000d\000l\000a\000\040\000r\000\363\001\174\000n\000y\000c\000h\000\040\000t\000y\000p\000\363\000w\000\040\000i\000m\000p\000u\000l\000s\000\363\000w}{}% 13
\BOOKMARK [2][-]{subsection.5.1}{\376\377\000M\000a\000k\000s\000y\000m\000a\000l\000n\000e\000\040\000p\000r\000a\000w\000d\000o\000p\000o\000d\000o\000b\000i\000e\001\104\000s\000t\000w\000o\000\040\000d\000l\000a\000\040\000i\000m\000p\000u\000l\000s\000u\000\040\000p\000r\000o\000s\000t\000o\000k\001\005\000t\000n\000e\000g\000o}{section.5}% 14
\BOOKMARK [2][-]{subsection.5.2}{\376\377\000M\000a\000k\000s\000y\000m\000a\000l\000n\000e\000\040\000p\000r\000a\000w\000d\000o\000p\000o\000d\000o\000b\000i\000e\001\104\000s\000t\000w\000o\000\040\000d\000l\000a\000\040\000i\000m\000p\000u\000l\000s\000u\000\040\000r\000o\000s\000n\001\005\000c\000e\000g\000o\000\040\000w\000y\000k\001\102\000a\000d\000n\000i\000c\000z\000e\000g\000o}{section.5}% 15
\BOOKMARK [2][-]{subsection.5.3}{\376\377\000M\000a\000k\000s\000y\000m\000a\000l\000n\000e\000\040\000p\000r\000a\000w\000d\000o\000p\000o\000d\000o\000b\000i\000e\001\104\000s\000t\000w\000o\000\040\000d\000l\000a\000\040\000i\000m\000p\000u\000l\000s\000u\000\040\000m\000a\000l\000e\000j\001\005\000c\000e\000g\000o\000\040\000w\000y\000k\001\102\000a\000d\000n\000i\000c\000z\000e\000g\000o}{section.5}% 16
\BOOKMARK [2][-]{subsection.5.4}{\376\377\000M\000a\000k\000s\000y\000m\000a\000l\000n\000e\000\040\000p\000r\000a\000w\000d\000o\000p\000o\000d\000o\000b\000i\000e\001\104\000s\000t\000w\000o\000\040\000d\000l\000a\000\040\000i\000m\000p\000u\000l\000s\000u\000\040\000g\000a\000u\000s\000s\000o\000w\000s\000k\000i\000e\000g\000o}{section.5}% 17
\BOOKMARK [1][-]{section.6}{\376\377\000E\000n\000t\000r\000o\000p\000i\000a\000\040\000n\000a\000\040\000p\000r\000z\000y\000k\001\102\000a\000d\000z\000i\000e\000\040\000p\000o\000w\000y\001\174\000s\000z\000y\000c\000h\000\040\000p\000r\000a\000w\000d\000o\000p\000o\000d\000o\000b\000i\000e\001\104\000s\000t\000w}{}% 18
\BOOKMARK [2][-]{subsection.6.1}{\376\377\000E\000n\000t\000r\000o\000p\000i\000a\000\040\000d\000l\000a\000\040\000i\000m\000p\000u\000l\000s\000u\000\040\000p\000r\000o\000s\000t\000o\000k\001\005\000t\000n\000e\000g\000o}{section.6}% 19
\BOOKMARK [2][-]{subsection.6.2}{\376\377\000E\000n\000t\000r\000o\000p\000i\000a\000\040\000d\000l\000a\000\040\000i\000m\000p\000u\000l\000s\000u\000\040\000r\000o\000s\000n\001\005\000c\000e\000g\000o\000\040\000w\000y\000k\001\102\000a\000d\000n\000i\000c\000z\000e\000g\000o}{section.6}% 20
\BOOKMARK [2][-]{subsection.6.3}{\376\377\000E\000n\000t\000r\000o\000p\000i\000a\000\040\000d\000l\000a\000\040\000i\000m\000p\000u\000l\000s\000u\000\040\000m\000a\000l\000e\000j\001\005\000c\000e\000g\000o\000\040\000w\000y\000k\001\102\000a\000d\000n\000i\000c\000z\000e\000g\000o}{section.6}% 21
\BOOKMARK [2][-]{subsection.6.4}{\376\377\000E\000n\000t\000r\000o\000p\000i\000a\000\040\000d\000l\000a\000\040\000i\000m\000p\000u\000l\000s\000u\000\040\000g\000a\000u\000s\000s\000o\000w\000s\000k\000i\000e\000g\000o}{section.6}% 22
\BOOKMARK [1][-]{section.7}{\376\377\000S\000p\000l\001\005\000t\000a\000n\000i\000e\000\040\000k\000w\000a\000n\000t\000o\000w\000e}{}% 23
\BOOKMARK [2][-]{subsection.7.1}{\376\377\000S\000t\000a\000n\000y\000\040\000k\000w\000a\000n\000t\000o\000w\000e}{section.7}% 24
\BOOKMARK [2][-]{subsection.7.2}{\376\377\000S\000e\000p\000a\000r\000o\000w\000a\000l\000n\000o\001\133\001\007\000\040\000s\000t\000a\000n\000u\000\040\000m\000i\000e\000s\000z\000a\000n\000e\000g\000o}{section.7}% 25
\BOOKMARK [2][-]{subsection.7.3}{\376\377\000J\000a\000k\000\040\000w\000y\000k\000r\000y\001\007\000\040\000s\000p\000l\001\005\000t\000a\000n\000i\000e\000?}{section.7}% 26
\BOOKMARK [2][-]{subsection.7.4}{\376\377\000A\000k\000t\000u\000a\000l\000n\000e\000\040\000l\000i\000m\000i\000t\000y\000\040\000w\000y\000k\000r\000y\000w\000a\000n\000i\000a\000\040\000s\000p\000l\001\005\000t\000a\000n\000i\000a}{section.7}% 27
\BOOKMARK [1][-]{section.8}{\376\377\000P\000o\000d\000z\000i\001\031\000k\000o\000w\000a\000n\000i\000a}{}% 28
